inner a
outer b
global c
set d
outer a
outer b
global c
set d
global a
global b
global c
set d
4.
